c:\users\安藤 歩夢\documents\github\3dgame_2025summer\ando_game\ando_game\x64\release\vc143.pdb
c:\users\安藤 歩夢\documents\github\3dgame_2025summer\ando_game\ando_game\x64\release\scenemanager.obj
c:\users\安藤 歩夢\documents\github\3dgame_2025summer\ando_game\ando_game\x64\release\scenemain.obj
c:\users\安藤 歩夢\documents\github\3dgame_2025summer\ando_game\ando_game\x64\release\main.obj
c:\users\安藤 歩夢\documents\github\3dgame_2025summer\ando_game\ando_game\x64\release\scenetitle.obj
c:\users\安藤 歩夢\documents\github\3dgame_2025summer\ando_game\ando_game\x64\release\pad.obj
c:\users\安藤 歩夢\documents\github\3dgame_2025summer\ando_game\ando_game\x64\release\vector3.obj
c:\users\安藤 歩夢\documents\github\3dgame_2025summer\ando_game\ando_game\x64\release\enemy.obj
c:\users\安藤 歩夢\documents\github\3dgame_2025summer\ando_game\ando_game\x64\release\map.obj
c:\users\安藤 歩夢\documents\github\3dgame_2025summer\ando_game\ando_game\x64\release\camera.obj
c:\users\安藤 歩夢\documents\github\3dgame_2025summer\ando_game\ando_game\x64\release\sceneclear .obj
c:\users\安藤 歩夢\documents\github\3dgame_2025summer\ando_game\ando_game\x64\release\player.obj
c:\users\安藤 歩夢\documents\github\3dgame_2025summer\ando_game\ando_game\x64\release\scenemiss.obj
c:\users\安藤 歩夢\documents\github\3dgame_2025summer\ando_game\ando_game\x64\release\velocity.obj
c:\users\安藤 歩夢\documents\github\3dgame_2025summer\ando_game\ando_game\x64\release\inputmanager.obj
c:\users\安藤 歩夢\documents\github\3dgame_2025summer\ando_game\x64\release\ando_game.exe
c:\users\安藤 歩夢\documents\github\3dgame_2025summer\ando_game\x64\release\ando_game.pdb
c:\users\安藤 歩夢\documents\github\3dgame_2025summer\ando_game\ando_game\x64\release\ando_game.ipdb
c:\users\安藤 歩夢\documents\github\3dgame_2025summer\ando_game\ando_game\x64\release\ando_game.iobj
c:\users\安藤 歩夢\documents\github\3dgame_2025summer\ando_game\ando_game\x64\release\ando_game.tlog\cl.command.1.tlog
c:\users\安藤 歩夢\documents\github\3dgame_2025summer\ando_game\ando_game\x64\release\ando_game.tlog\cl.items.tlog
c:\users\安藤 歩夢\documents\github\3dgame_2025summer\ando_game\ando_game\x64\release\ando_game.tlog\cl.read.1.tlog
c:\users\安藤 歩夢\documents\github\3dgame_2025summer\ando_game\ando_game\x64\release\ando_game.tlog\cl.write.1.tlog
c:\users\安藤 歩夢\documents\github\3dgame_2025summer\ando_game\ando_game\x64\release\ando_game.tlog\link.command.1.tlog
c:\users\安藤 歩夢\documents\github\3dgame_2025summer\ando_game\ando_game\x64\release\ando_game.tlog\link.read.1.tlog
c:\users\安藤 歩夢\documents\github\3dgame_2025summer\ando_game\ando_game\x64\release\ando_game.tlog\link.secondary.1.tlog
c:\users\安藤 歩夢\documents\github\3dgame_2025summer\ando_game\ando_game\x64\release\ando_game.tlog\link.write.1.tlog
