  Enemy.cpp
  Camera.cpp
C:\Users\安藤 歩夢\Documents\GitHub\3DGame_2025Summer\Ando_Game\Ando_Game\GameEngine\InputDevice\Camera\Camera.cpp(136,6): warning C4930: 'Pad Update(void)': プロトタイプされている関数が呼び出されませんでした (変数の定義が意図されていますか?)
  Velocity.cpp
  SceneClear .cpp
  InputManager.cpp
  main.cpp
  Player.cpp
  Pad.cpp
  SceneManager.cpp
  SceneTitle.cpp
  SceneMain.cpp
  Vector3.cpp
  Map.cpp
C:\Users\安藤 歩夢\Documents\GitHub\3DGame_2025Summer\Ando_Game\Ando_Game\GameEngine\GameObject\Map\Map.cpp(59,35): warning C4244: '引数': 'int' から 'float' への変換です。データが失われる可能性があります。
C:\Users\安藤 歩夢\Documents\GitHub\3DGame_2025Summer\Ando_Game\Ando_Game\GameEngine\GameObject\Map\Map.cpp(59,59): warning C4244: '引数': 'int' から 'float' への変換です。データが失われる可能性があります。
C:\Users\安藤 歩夢\Documents\GitHub\3DGame_2025Summer\Ando_Game\Ando_Game\GameEngine\GameObject\Map\Map.cpp(64,19): warning C4244: '引数': 'int' から 'float' への変換です。データが失われる可能性があります。
C:\Users\安藤 歩夢\Documents\GitHub\3DGame_2025Summer\Ando_Game\Ando_Game\GameEngine\GameObject\Map\Map.cpp(64,44): warning C4244: '引数': 'int' から 'float' への変換です。データが失われる可能性があります。
  SceneMiss.cpp
  コードを生成中...
  Ando_Game.vcxproj -> C:\Users\安藤 歩夢\Documents\GitHub\3DGame_2025Summer\Ando_Game\x64\Debug\Ando_Game.exe
